 argument  1 = bh3_6-31+g.inp
                                         
                                         


             Northwest Computational Chemistry Package (NWChem) 7.0.0
             --------------------------------------------------------


                    Environmental Molecular Sciences Laboratory
                       Pacific Northwest National Laboratory
                                Richland, WA 99352

                              Copyright (c) 1994-2019
                       Pacific Northwest National Laboratory
                            Battelle Memorial Institute

             NWChem is an open-source computational chemistry package
                        distributed under the terms of the
                      Educational Community License (ECL) 2.0
             A copy of the license is included with this distribution
                              in the LICENSE.TXT file

                                  ACKNOWLEDGMENT
                                  --------------

            This software and its documentation were developed at the
            EMSL at Pacific Northwest National Laboratory, a multiprogram
            national laboratory, operated for the U.S. Department of Energy
            by Battelle under Contract Number DE-AC05-76RL01830. Support
            for this work was provided by the Department of Energy Office
            of Biological and Environmental Research, Office of Basic
            Energy Sciences, and the Office of Advanced Scientific Computing.


           Job information
           ---------------

    hostname        = Amanda-Dewyers-MacBook-Air.local
    program         = nwchem
    date            = Fri Sep 11 16:51:07 2020

    compiled        = Fri_Jul_03_06:05:09_2020
    source          = /private/tmp/nwchem-20200703-71421-tc8c0i/nwchem-7.0.0
    nwchem branch   = 7.0.0
    nwchem revision = 2c9a1c7c
    ga revision     = 5.7.1
    use scalapack   = T
    input           = bh3_6-31+g.inp
    prefix          = bh3_6-31+g.
    data base       = ./bh3_6-31+g.db
    status          = startup
    nproc           =        1
    time left       =     -1s



           Memory information
           ------------------

    heap     =   13107196 doubles =    100.0 Mbytes
    stack    =   13107201 doubles =    100.0 Mbytes
    global   =   26214400 doubles =    200.0 Mbytes (distinct from heap & stack)
    total    =   52428797 doubles =    400.0 Mbytes
    verify   = yes
    hardfail = no 


           Directory information
           ---------------------

  0 permanent = .
  0 scratch   = .




                                NWChem Input Module
                                -------------------


                                     test case
                                     ---------
 D3H symmetry detected

          ------
          auto-z
          ------
  Looking for out-of-plane bends
  no constraints, skipping    0.0000000000000000     
  no constraints, skipping    0.0000000000000000     


                             Geometry "geometry" -> ""
                             -------------------------

 Output coordinates in a.u. (scale by  1.000000000 to convert to a.u.)

  No.       Tag          Charge          X              Y              Z
 ---- ---------------- ---------- -------------- -------------- --------------
    1 B                    5.0000     0.00000000     0.00000000     0.00000000
    2 H                    1.0000     0.83517244     0.83517244     0.00000000
    3 H                    1.0000     0.30569433    -1.14086677     0.00000000
    4 H                    1.0000    -1.14086677     0.30569433     0.00000000

      Atomic Mass 
      ----------- 

      B                 11.009310
      H                  1.007825


 Effective nuclear repulsion energy (a.u.)      14.1663517928

            Nuclear Dipole moment (a.u.) 
            ----------------------------
        X                 Y               Z
 ---------------- ---------------- ----------------
    -0.0000000000    -0.0000000000     0.0000000000

      Symmetry information
      --------------------

 Group name             D3h       
 Group number             27
 Group order              12
 No. of unique centers     2

      Symmetry unique atoms

     1    2



                                Z-matrix (autoz)
                                -------- 

 Units are Angstrom for bonds and degrees for angles

      Type          Name      I     J     K     L     M      Value
      ----------- --------  ----- ----- ----- ----- ----- ----------
    1 Stretch                  1     2                       0.62502
    2 Stretch                  1     3                       0.62502
    3 Stretch                  1     4                       0.62502
    4 Bend                     2     1     3               120.00000
    5 Bend                     2     1     4               120.00000
    6 Bend                     3     1     4               120.00000
    7 Torsion                  2     1     3     4         180.00000
    8 Torsion                  2     1     4     3         180.00000
    9 Torsion                  3     1     2     4         180.00000
   10 Torsion                  2     4     1     3         180.00000
   11 Torsion                  3     2     1     4         180.00000
   12 Torsion                  2     3     1     4         180.00000


            XYZ format geometry
            -------------------
     4
 geometry
 B                     0.00000000     0.00000000     0.00000000
 H                     0.44195425     0.44195425     0.00000000
 H                     0.16176648    -0.60372074     0.00000000
 H                    -0.60372074     0.16176648     0.00000000

 ==============================================================================
                                internuclear distances
 ------------------------------------------------------------------------------
       center one      |      center two      | atomic units |       a.u.
 ------------------------------------------------------------------------------
    2 H                |   1 B                |     1.18111  |     1.18111
    3 H                |   1 B                |     1.18111  |     1.18111
    4 H                |   1 B                |     1.18111  |     1.18111
 ------------------------------------------------------------------------------
                         number of included internuclear distances:          3
 ==============================================================================



 ==============================================================================
                                 internuclear angles
 ------------------------------------------------------------------------------
        center 1       |       center 2       |       center 3       |  degrees
 ------------------------------------------------------------------------------
    2 H                |   1 B                |   3 H                |   120.00
    2 H                |   1 B                |   4 H                |   120.00
    3 H                |   1 B                |   4 H                |   120.00
 ------------------------------------------------------------------------------
                            number of included internuclear angles:          3
 ==============================================================================



  library name resolved from: .nwchemrc
  library file name is: </usr/local/Cellar/nwchem/7.0.0_2/share/nwchem/libraries/>
  


 Summary of "ao basis" -> "" (cartesian)
 ------------------------------------------------------------------------------
       Tag                 Description            Shells   Functions and Types
 ---------------- ------------------------------  ------  ---------------------
 *                           6-31+g                   on all atoms 



                                 NWChem DFT Module
                                 -----------------


                                     test case


                      Basis "ao basis" -> "ao basis" (cartesian)
                      -----
  B (Boron)
  ---------
            Exponent  Coefficients 
       -------------- ---------------------------------------------------------
  1 S  2.06888230E+03  0.001866
  1 S  3.10649570E+02  0.014252
  1 S  7.06830330E+01  0.069552
  1 S  1.98610800E+01  0.232573
  1 S  6.29930480E+00  0.467079
  1 S  2.12702700E+00  0.363431

  2 S  4.72797100E+00 -0.130394
  2 S  1.19033770E+00 -0.130789
  2 S  3.59411700E-01  1.130944

  3 P  4.72797100E+00  0.074598
  3 P  1.19033770E+00  0.307847
  3 P  3.59411700E-01  0.743457

  4 S  1.26751200E-01  1.000000

  5 P  1.26751200E-01  1.000000

  6 S  3.15000000E-02  1.000000

  7 P  3.15000000E-02  1.000000

  H (Hydrogen)
  ------------
            Exponent  Coefficients 
       -------------- ---------------------------------------------------------
  1 S  1.87311370E+01  0.033495
  1 S  2.82539370E+00  0.234727
  1 S  6.40121700E-01  0.813757

  2 S  1.61277800E-01  1.000000



 Summary of "ao basis" -> "ao basis" (cartesian)
 ------------------------------------------------------------------------------
       Tag                 Description            Shells   Functions and Types
 ---------------- ------------------------------  ------  ---------------------
 B                           6-31+g                  7       13   4s3p
 H                           6-31+g                  2        2   2s




 Summary of "ao basis" -> "ao basis" (cartesian)
 ------------------------------------------------------------------------------
       Tag                 Description            Shells   Functions and Types
 ---------------- ------------------------------  ------  ---------------------
 B                           6-31+g                  7       13   4s3p
 H                           6-31+g                  2        2   2s


      Symmetry analysis of basis
      --------------------------

        a1'         6
        a1"         0
        a2'         0
        a2"         3
        e'         10
        e"          0

  Caching 1-el integrals 
  Rotation of axis 

            General Information
            -------------------
          SCF calculation type: DFT
          Wavefunction type:  closed shell.
          No. of atoms     :     4
          No. of electrons :     8
           Alpha electrons :     4
            Beta electrons :     4
          Charge           :     0
          Spin multiplicity:     1
          Use of symmetry is: on ; symmetry adaption is: on 
          Maximum number of iterations:  30
          AO basis - number of functions:    19
                     number of shells:    13
          Convergence on energy requested:  1.00D-06
          Convergence on density requested:  1.00D-05
          Convergence on gradient requested:  5.00D-04

              XC Information
              --------------
                         B3LYP Method XC Potential
                     Hartree-Fock (Exact) Exchange  0.200          
                        Slater Exchange Functional  0.800 local    
                    Becke 1988 Exchange Functional  0.720 non-local
              Lee-Yang-Parr Correlation Functional  0.810          
                  VWN I RPA Correlation Functional  0.190 local    

             Grid Information
             ----------------
          Grid used for XC integration:  medium    
          Radial quadrature: Mura-Knowles        
          Angular quadrature: Lebedev. 
          Tag              B.-S. Rad. Rad. Pts. Rad. Cut. Ang. Pts.
          ---              ---------- --------- --------- ---------
          B                   0.85       49          10.0       434
          H                   0.35       45           6.0       434
          Grid pruning is: on 
          Number of quadrature shells:    94
          Spatial weights used:  Erf1

          Convergence Information
          -----------------------
          Convergence aids based upon iterative change in 
          total energy or number of iterations. 
          Levelshifting, if invoked, occurs when the 
          HOMO/LUMO gap drops below (HL_TOL):  1.00D-02
          DIIS, if invoked, will attempt to extrapolate 
          using up to (NFOCK): 10 stored Fock matrices.

                    Damping( 0%)  Levelshifting(0.5)       DIIS
                  --------------- ------------------- ---------------
          dE  on:    start            ASAP                start   
          dE off:    2 iters         30 iters            30 iters 


      Screening Tolerance Information
      -------------------------------
          Density screening/tol_rho:  1.00D-10
          AO Gaussian exp screening on grid/accAOfunc:  14
          CD Gaussian exp screening on grid/accCDfunc:  20
          XC Gaussian exp screening on grid/accXCfunc:  20
          Schwarz screening/accCoul:  1.00D-08


      Superposition of Atomic Density Guess
      -------------------------------------

 Sum of atomic energies:         -26.02459578

      Non-variational initial energy
      ------------------------------

 Total energy =     -26.421664
 1-e energy   =     -56.869543
 2-e energy   =      16.281527
 HOMO         =      -0.660800
 LUMO         =      -0.211926


      Symmetry analysis of molecular orbitals - initial
      -------------------------------------------------

  Numbering of irreducible representations: 

     1 a1'         2 a1"         3 a2'         4 a2"         5 e'      
     6 e"      

  Orbital symmetries:

     1 a1'         2 a1'         3 e'          4 e'          5 a2"     
     6 a1'         7 e'          8 e'          9 a2"        10 e'      
    11 e'         12 a1'        13 e'         14 e'      

   Time after variat. SCF:      0.1
   Time prior to 1st pass:      0.1

 #quartets = 1.556D+03 #integrals = 3.872D+03 #direct =  0.0% #cached =100.0%


 Integral file          = ./bh3_6-31+g.aoints.0
 Record size in doubles =  65536        No. of integs per rec  =  43688
 Max. records in memory =      2        Max. records in file   = 183643
 No. of bits per label  =      8        No. of bits per value  =     64


 Grid_pts file          = ./bh3_6-31+g.gridpts.0
 Record size in doubles =  12289        No. of grid_pts per rec  =   3070
 Max. records in memory =     16        Max. recs in file   =    979358


           Memory utilization after 1st SCF pass: 
           Heap Space remaining (MW):       12.78            12778004
          Stack Space remaining (MW):       13.11            13106940

   convergence    iter        energy       DeltaE   RMS-Dens  Diis-err    time
 ---------------- ----- ----------------- --------- --------- ---------  ------
 d= 0,ls=0.0,diis     1    -25.2359198046 -3.94D+01  1.02D-02  3.24D-02     0.2
 d= 0,ls=0.0,diis     2    -25.2386099689 -2.69D-03  2.67D-03  9.41D-04     0.2
 d= 0,ls=0.0,diis     3    -25.2387725544 -1.63D-04  5.49D-04  9.91D-05     0.3
 d= 0,ls=0.0,diis     4    -25.2387925373 -2.00D-05  2.23D-05  2.27D-08     0.3
 d= 0,ls=0.0,diis     5    -25.2387925415 -4.22D-09  1.42D-06  1.76D-11     0.3


         Total DFT energy =      -25.238792541529
      One electron energy =      -58.939157608460
           Coulomb energy =       25.366427876254
    Exchange-Corr. energy =       -5.832414602135
 Nuclear repulsion energy =       14.166351792812

 Numeric. integr. density =        7.999993565127

     Total iterative time =      0.2s



                  Occupations of the irreducible representations
                  ----------------------------------------------

                     irrep           alpha         beta
                     --------     --------     --------
                     a1'               2.0          2.0
                     a1"               0.0          0.0
                     a2'               0.0          0.0
                     a2"               0.0          0.0
                     e'                2.0          2.0
                     e"                0.0          0.0


                       DFT Final Molecular Orbital Analysis
                       ------------------------------------

 Vector    1  Occ=2.000000D+00  E=-6.779716D+00  Symmetry=a1'
              MO Center=  1.9D-19, -3.3D-19,  8.2D-38, r^2= 4.2D-02
   Bfn.  Coefficient  Atom+Function         Bfn.  Coefficient  Atom+Function  
  ----- ------------  ---------------      ----- ------------  ---------------
     1      0.988975  1 B  s                  6      0.041852  1 B  s          
     2      0.026221  1 B  s          

 Vector    2  Occ=2.000000D+00  E=-5.931080D-01  Symmetry=a1'
              MO Center= -1.1D-17, -3.1D-17, -1.1D-34, r^2= 8.8D-01
   Bfn.  Coefficient  Atom+Function         Bfn.  Coefficient  Atom+Function  
  ----- ------------  ---------------      ----- ------------  ---------------
     6      0.365251  1 B  s                  1     -0.321960  1 B  s          
     2      0.285369  1 B  s                 14      0.228316  2 H  s          
    16      0.228316  3 H  s                 18      0.228316  4 H  s          

 Vector    3  Occ=2.000000D+00  E=-4.332770D-01  Symmetry=e'
              MO Center= -3.2D-02,  1.2D-01, -7.0D-67, r^2= 8.3D-01
   Bfn.  Coefficient  Atom+Function         Bfn.  Coefficient  Atom+Function  
  ----- ------------  ---------------      ----- ------------  ---------------
     3      0.564590  1 B  px                14      0.296160  2 H  s          
    18     -0.297632  4 H  s                  4      0.148686  1 B  py         
     7      0.143104  1 B  px                15     -0.047654  2 H  s          
    19      0.047891  4 H  s                  8      0.037687  1 B  py         
    11      0.037336  1 B  px         

 Vector    4  Occ=2.000000D+00  E=-4.332770D-01  Symmetry=e'
              MO Center=  3.2D-02, -1.2D-01, -1.9D-67, r^2= 8.3D-01
   Bfn.  Coefficient  Atom+Function         Bfn.  Coefficient  Atom+Function  
  ----- ------------  ---------------      ----- ------------  ---------------
     4      0.564590  1 B  py                16     -0.342826  3 H  s          
    14      0.172688  2 H  s                 18      0.170138  4 H  s          
     3     -0.148686  1 B  px                 8      0.143104  1 B  py         
    17      0.055163  3 H  s                  7     -0.037687  1 B  px         
    12      0.037336  1 B  py                15     -0.027787  2 H  s          

 Vector    5  Occ=0.000000D+00  E=-7.449142D-02  Symmetry=a2"
              MO Center=  7.8D-40,  7.8D-40, -2.8D-32, r^2= 2.5D+00
   Bfn.  Coefficient  Atom+Function         Bfn.  Coefficient  Atom+Function  
  ----- ------------  ---------------      ----- ------------  ---------------
     5      0.548968  1 B  pz                 9      0.406078  1 B  pz         
    13      0.273516  1 B  pz         

 Vector    6  Occ=0.000000D+00  E= 2.364223D-02  Symmetry=a1'
              MO Center= -4.2D-16,  2.4D-15,  4.6D-18, r^2= 9.4D+00
   Bfn.  Coefficient  Atom+Function         Bfn.  Coefficient  Atom+Function  
  ----- ------------  ---------------      ----- ------------  ---------------
    10      1.345164  1 B  s                  6     -0.978329  1 B  s          
    15      0.139743  2 H  s                 17      0.139743  3 H  s          
    19      0.139743  4 H  s                  1      0.081791  1 B  s          
    14     -0.065618  2 H  s                 16     -0.065618  3 H  s          
    18     -0.065618  4 H  s                  2     -0.060719  1 B  s          

 Vector    7  Occ=0.000000D+00  E= 4.438064D-02  Symmetry=e'
              MO Center= -2.2D-02,  3.1D-03, -3.7D-48, r^2= 1.2D+01
   Bfn.  Coefficient  Atom+Function         Bfn.  Coefficient  Atom+Function  
  ----- ------------  ---------------      ----- ------------  ---------------
    11      1.023998  1 B  px                12     -0.342311  1 B  py         
     7     -0.221196  1 B  px                19     -0.151818  4 H  s          
     3     -0.119735  1 B  px                17      0.083914  3 H  s          
     8      0.073943  1 B  py                18      0.069992  4 H  s          
    15      0.067904  2 H  s                  4      0.040026  1 B  py         

 Vector    8  Occ=0.000000D+00  E= 4.438064D-02  Symmetry=e'
              MO Center=  2.2D-02, -3.1D-03,  1.4D-48, r^2= 1.2D+01
   Bfn.  Coefficient  Atom+Function         Bfn.  Coefficient  Atom+Function  
  ----- ------------  ---------------      ----- ------------  ---------------
    12      1.023998  1 B  py                11      0.342311  1 B  px         
     8     -0.221196  1 B  py                15      0.136100  2 H  s          
    17     -0.126857  3 H  s                  4     -0.119735  1 B  py         
     7     -0.073943  1 B  px                14     -0.062745  2 H  s          
    16      0.058484  3 H  s                  3     -0.040026  1 B  px         

 Vector    9  Occ=0.000000D+00  E= 7.139470D-02  Symmetry=a2"
              MO Center= -2.4D-33, -7.0D-33, -3.7D-18, r^2= 1.2D+01
   Bfn.  Coefficient  Atom+Function         Bfn.  Coefficient  Atom+Function  
  ----- ------------  ---------------      ----- ------------  ---------------
    13      1.103943  1 B  pz                 9     -0.447147  1 B  pz         
     5     -0.308347  1 B  pz         

 Vector   10  Occ=0.000000D+00  E= 2.876471D-01  Symmetry=e'
              MO Center= -5.3D-01, -8.4D-02, -1.1D-29, r^2= 4.7D+00
   Bfn.  Coefficient  Atom+Function         Bfn.  Coefficient  Atom+Function  
  ----- ------------  ---------------      ----- ------------  ---------------
    15      4.384430  2 H  s                  8     -3.442803  1 B  py         
    17     -3.427943  3 H  s                  7     -1.752131  1 B  px         
    19     -0.956487  4 H  s                 12      0.542510  1 B  py         
    11      0.276097  1 B  px                14      0.143551  2 H  s          
    16     -0.112235  3 H  s                  4      0.104641  1 B  py         

 Vector   11  Occ=0.000000D+00  E= 2.876471D-01  Symmetry=e'
              MO Center=  5.3D-01,  8.4D-02,  1.4D-31, r^2= 4.7D+00
   Bfn.  Coefficient  Atom+Function         Bfn.  Coefficient  Atom+Function  
  ----- ------------  ---------------      ----- ------------  ---------------
    19      4.510475  4 H  s                  7      3.442803  1 B  px         
    17     -3.083579  3 H  s                  8     -1.752131  1 B  py         
    15     -1.426896  2 H  s                 11     -0.542510  1 B  px         
    12      0.276097  1 B  py                18      0.147678  4 H  s          
     3     -0.104641  1 B  px                16     -0.100960  3 H  s          

 Vector   12  Occ=0.000000D+00  E= 3.061755D-01  Symmetry=a1'
              MO Center= -2.1D-13, -4.0D-13, -1.6D-18, r^2= 4.6D+00
   Bfn.  Coefficient  Atom+Function         Bfn.  Coefficient  Atom+Function  
  ----- ------------  ---------------      ----- ------------  ---------------
     6     12.360778  1 B  s                 15     -4.191382  2 H  s          
    17     -4.191382  3 H  s                 19     -4.191382  4 H  s          
    10     -0.901835  1 B  s                 14     -0.101850  2 H  s          
    16     -0.101850  3 H  s                 18     -0.101850  4 H  s          
     2     -0.086251  1 B  s                  1      0.084337  1 B  s          

 Vector   13  Occ=0.000000D+00  E= 4.489654D-01  Symmetry=e'
              MO Center= -3.0D-01, -4.0D-01, -1.8D-29, r^2= 3.2D+00
   Bfn.  Coefficient  Atom+Function         Bfn.  Coefficient  Atom+Function  
  ----- ------------  ---------------      ----- ------------  ---------------
    17      3.801812  3 H  s                 19     -3.480984  4 H  s          
     8      1.076367  1 B  py                 7     -0.923754  1 B  px         
     4      0.645883  1 B  py                 3     -0.554307  1 B  px         
    15     -0.320828  2 H  s                 12      0.260445  1 B  py         
    11     -0.223518  1 B  px                16     -0.122991  3 H  s          

 Vector   14  Occ=0.000000D+00  E= 4.489654D-01  Symmetry=e'
              MO Center=  3.0D-01,  4.0D-01,  3.8D-33, r^2= 3.2D+00
   Bfn.  Coefficient  Atom+Function         Bfn.  Coefficient  Atom+Function  
  ----- ------------  ---------------      ----- ------------  ---------------
    15      4.204724  2 H  s                 19     -2.380207  4 H  s          
    17     -1.824517  3 H  s                  7     -1.076367  1 B  px         
     8     -0.923754  1 B  py                 3     -0.645883  1 B  px         
     4     -0.554307  1 B  py                11     -0.260445  1 B  px         
    12     -0.223518  1 B  py                14     -0.136026  2 H  s          

 Vector   15  Occ=0.000000D+00  E= 5.109620D-01  Symmetry=a2"
              MO Center= -4.7D-31, -5.8D-31, -4.5D-19, r^2= 3.8D+00
   Bfn.  Coefficient  Atom+Function         Bfn.  Coefficient  Atom+Function  
  ----- ------------  ---------------      ----- ------------  ---------------
     9      1.471950  1 B  pz                 5     -1.170741  1 B  pz         
    13     -0.552877  1 B  pz         

 Vector   16  Occ=0.000000D+00  E= 5.987187D-01  Symmetry=a1'
              MO Center=  1.2D-14,  3.1D-15,  1.2D-18, r^2= 3.4D+00
   Bfn.  Coefficient  Atom+Function         Bfn.  Coefficient  Atom+Function  
  ----- ------------  ---------------      ----- ------------  ---------------
     6      6.208926  1 B  s                 15     -3.224768  2 H  s          
    17     -3.224768  3 H  s                 19     -3.224768  4 H  s          
     2      1.840464  1 B  s                 10      0.493321  1 B  s          
    14      0.190666  2 H  s                 16      0.190666  3 H  s          
    18      0.190666  4 H  s          

 Vector   17  Occ=0.000000D+00  E= 1.894173D+00  Symmetry=e'
              MO Center=  4.7D-06, -1.2D-02,  1.8D-30, r^2= 1.2D+00
   Bfn.  Coefficient  Atom+Function         Bfn.  Coefficient  Atom+Function  
  ----- ------------  ---------------      ----- ------------  ---------------
    17      2.883437  3 H  s                  8      1.920977  1 B  py         
    16     -1.809392  3 H  s                 19     -1.769972  4 H  s          
     4     -1.725626  1 B  py                15     -1.113465  2 H  s          
    18      1.110679  4 H  s                  7     -0.795252  1 B  px         
     3      0.714380  1 B  px                14      0.698713  2 H  s          

 Vector   18  Occ=0.000000D+00  E= 1.894173D+00  Symmetry=e'
              MO Center= -4.7D-06,  1.2D-02, -3.0D-31, r^2= 1.2D+00
   Bfn.  Coefficient  Atom+Function         Bfn.  Coefficient  Atom+Function  
  ----- ------------  ---------------      ----- ------------  ---------------
    15      2.686647  2 H  s                 19     -2.307612  4 H  s          
     7     -1.920977  1 B  px                 3      1.725626  1 B  px         
    14     -1.685904  2 H  s                 18      1.448055  4 H  s          
     8     -0.795252  1 B  py                 4      0.714380  1 B  py         
    17     -0.379035  3 H  s                 16      0.237849  3 H  s          

 Vector   19  Occ=0.000000D+00  E= 2.000243D+00  Symmetry=a1'
              MO Center= -9.6D-15,  1.7D-14, -8.5D-23, r^2= 1.3D+00
   Bfn.  Coefficient  Atom+Function         Bfn.  Coefficient  Atom+Function  
  ----- ------------  ---------------      ----- ------------  ---------------
     6      5.730601  1 B  s                  2     -2.945444  1 B  s          
    15     -1.860552  2 H  s                 17     -1.860552  3 H  s          
    19     -1.860552  4 H  s                 14      1.337166  2 H  s          
    16      1.337166  3 H  s                 18      1.337166  4 H  s          
    10     -0.376966  1 B  s                  1     -0.329885  1 B  s          


 center of mass
 --------------
 x =  -0.00000000 y =  -0.00000000 z =   0.00000000

 moments of inertia (a.u.)
 ------------------
           2.108913130136           0.000000000000           0.000000000000
           0.000000000000           2.108913130136           0.000000000000
           0.000000000000           0.000000000000           4.217826260273

     Multipole analysis of the density
     ---------------------------------

     L   x y z        total         alpha         beta         nuclear
     -   - - -        -----         -----         ----         -------
     0   0 0 0     -0.000000     -4.000000     -4.000000      8.000000

     1   1 0 0      0.000000      0.000000      0.000000     -0.000000
     1   0 1 0     -0.000000      0.000000      0.000000     -0.000000
     1   0 0 1      0.000000      0.000000      0.000000      0.000000

     2   2 0 0     -5.275766     -3.684152     -3.684152      2.092539
     2   1 1 0      0.000000      0.000000      0.000000     -0.000000
     2   1 0 1     -0.000000     -0.000000     -0.000000      0.000000
     2   0 2 0     -5.275766     -3.684152     -3.684152      2.092539
     2   0 1 1      0.000000      0.000000      0.000000      0.000000
     2   0 0 2     -3.849255     -1.924628     -1.924628      0.000000


 Parallel integral file used       1 records with       0 large values


 Task  times  cpu:        0.3s     wall:        0.3s
 Summary of allocated global arrays
-----------------------------------
  No active global arrays



                         GA Statistics for process    0
                         ------------------------------

       create   destroy   get      put      acc     scatter   gather  read&inc
calls:  169      169     5424     1346     4684        0        0      516     
number of processes/call 0.00e+00 0.00e+00 0.00e+00 0.00e+00 0.00e+00
bytes total:             1.79e+06 5.21e+05 1.29e+06 0.00e+00 0.00e+00 4.13e+03
bytes remote:            0.00e+00 0.00e+00 0.00e+00 0.00e+00 0.00e+00 0.00e+00
Max memory consumed for GA by this process: 112632 bytes
MA_summarize_allocated_blocks: starting scan ...
MA_summarize_allocated_blocks: scan completed: 0 heap blocks, 0 stack blocks
MA usage statistics:

	allocation statistics:
					      heap	     stack
					      ----	     -----
	current number of blocks	         0	         0
	maximum number of blocks	        22	        57
	current total bytes		         0	         0
	maximum total bytes		   2633408	  22510760
	maximum total K-bytes		      2634	     22511
	maximum total M-bytes		         3	        23


                                NWChem Input Module
                                -------------------





                                     CITATION
                                     --------
                Please cite the following reference when publishing
                           results obtained with NWChem:

                 M. Valiev, E.J. Bylaska, N. Govind, K. Kowalski,
              T.P. Straatsma, H.J.J. van Dam, D. Wang, J. Nieplocha,
                        E. Apra, T.L. Windus, W.A. de Jong
                 "NWChem: a comprehensive and scalable open-source
                  solution for large scale molecular simulations"
                      Comput. Phys. Commun. 181, 1477 (2010)
                           doi:10.1016/j.cpc.2010.04.018

                                      AUTHORS
                                      -------
     E. Apra, E. J. Bylaska, N. Govind, K. Kowalski, M. Valiev, W. A. de Jong,
      T. P. Straatsma, H. J. J. van Dam, D. Wang, T. L. Windus, N. P. Bauman,
       A. Panyala, J. Hammond, J. Autschbach, K. Bhaskaran-Nair, J. Brabec,
    K. Lopata, S. A. Fischer, S. Krishnamoorthy, M. Jacquelin, W. Ma, M. Klemm,
       O. Villa, Y. Chen, V. Anisimov, F. Aquino, S. Hirata, M. T. Hackler,
           Eric Hermes, L. Jensen, J. E. Moore, J. C. Becca, V. Konjkov,
            D. Mejia-Rodriguez, T. Risthaus, M. Malagoli, A. Marenich,
   A. Otero-de-la-Roza, J. Mullin, P. Nichols, R. Peverati, J. Pittner, Y. Zhao,
        P.-D. Fan, A. Fonari, M. J. Williamson, R. J. Harrison, J. R. Rehr,
      M. Dupuis, D. Silverstein, D. M. A. Smith, J. Nieplocha, V. Tipparaju,
      M. Krishnan, B. E. Van Kuiken, A. Vazquez-Mayagoitia, M. Swart, Q. Wu,
   T. Van Voorhis, A. A. Auer, M. Nooijen, L. D. Crosby, E. Brown, G. Cisneros,
     G. I. Fann, H. Fruchtl, J. Garza, K. Hirao, R. A. Kendall, J. A. Nichols,
       K. Tsemekhman, K. Wolinski, J. Anchell, D. E. Bernholdt, P. Borowski,
       T. Clark, D. Clerc, H. Dachsel, M. J. O. Deegan, K. Dyall, D. Elwood,
      E. Glendening, M. Gutowski, A. C. Hess, J. Jaffe, B. G. Johnson, J. Ju,
        R. Kobayashi, R. Kutteh, Z. Lin, R. Littlefield, X. Long, B. Meng,
      T. Nakajima, S. Niu, L. Pollack, M. Rosing, K. Glaesemann, G. Sandrone,
      M. Stave, H. Taylor, G. Thomas, J. H. van Lenthe, A. T. Wong, Z. Zhang.

 Total times  cpu:        0.3s     wall:        0.3s
