 argument  1 = nacl_3-21g.inp
                                         
                                         


             Northwest Computational Chemistry Package (NWChem) 7.0.0
             --------------------------------------------------------


                    Environmental Molecular Sciences Laboratory
                       Pacific Northwest National Laboratory
                                Richland, WA 99352

                              Copyright (c) 1994-2019
                       Pacific Northwest National Laboratory
                            Battelle Memorial Institute

             NWChem is an open-source computational chemistry package
                        distributed under the terms of the
                      Educational Community License (ECL) 2.0
             A copy of the license is included with this distribution
                              in the LICENSE.TXT file

                                  ACKNOWLEDGMENT
                                  --------------

            This software and its documentation were developed at the
            EMSL at Pacific Northwest National Laboratory, a multiprogram
            national laboratory, operated for the U.S. Department of Energy
            by Battelle under Contract Number DE-AC05-76RL01830. Support
            for this work was provided by the Department of Energy Office
            of Biological and Environmental Research, Office of Basic
            Energy Sciences, and the Office of Advanced Scientific Computing.


           Job information
           ---------------

    hostname        = Amanda-Dewyers-MacBook-Air.local
    program         = nwchem
    date            = Fri Sep 11 17:05:37 2020

    compiled        = Fri_Jul_03_06:05:09_2020
    source          = /private/tmp/nwchem-20200703-71421-tc8c0i/nwchem-7.0.0
    nwchem branch   = 7.0.0
    nwchem revision = 2c9a1c7c
    ga revision     = 5.7.1
    use scalapack   = T
    input           = nacl_3-21g.inp
    prefix          = nacl_3-21g.
    data base       = ./nacl_3-21g.db
    status          = startup
    nproc           =        1
    time left       =     -1s



           Memory information
           ------------------

    heap     =   13107196 doubles =    100.0 Mbytes
    stack    =   13107201 doubles =    100.0 Mbytes
    global   =   26214400 doubles =    200.0 Mbytes (distinct from heap & stack)
    total    =   52428797 doubles =    400.0 Mbytes
    verify   = yes
    hardfail = no 


           Directory information
           ---------------------

  0 permanent = .
  0 scratch   = .




                                NWChem Input Module
                                -------------------


                                     test case
                                     ---------
 ORDER OF PRIMARY AXIS IS BEING SET TO 4
 C4V symmetry detected

          ------
          auto-z
          ------
  no constraints, skipping    0.0000000000000000     
  no constraints, skipping    0.0000000000000000     


                             Geometry "geometry" -> ""
                             -------------------------

 Output coordinates in a.u. (scale by  1.000000000 to convert to a.u.)

  No.       Tag          Charge          X              Y              Z
 ---- ---------------- ---------- -------------- -------------- --------------
    1 Na                  11.0000     0.00000000     0.00000000    -1.45555396
    2 Cl                  17.0000     0.00000000     0.00000000     0.94182903

      Atomic Mass 
      ----------- 

      Na                22.989800
      Cl                34.968850


 Effective nuclear repulsion energy (a.u.)      78.0017214429

            Nuclear Dipole moment (a.u.) 
            ----------------------------
        X                 Y               Z
 ---------------- ---------------- ----------------
     0.0000000000     0.0000000000     0.0000000000

      Symmetry information
      --------------------

 Group name             C4v       
 Group number             18
 Group order               8
 No. of unique centers     2

      Symmetry unique atoms

     1    2



                                Z-matrix (autoz)
                                -------- 

 Units are Angstrom for bonds and degrees for angles

      Type          Name      I     J     K     L     M      Value
      ----------- --------  ----- ----- ----- ----- ----- ----------
    1 Stretch                  1     2                       1.26864


            XYZ format geometry
            -------------------
     2
 geometry
 Na                    0.00000000     0.00000000    -0.77024604
 Cl                    0.00000000     0.00000000     0.49839450

 ==============================================================================
                                internuclear distances
 ------------------------------------------------------------------------------
       center one      |      center two      | atomic units |       a.u.
 ------------------------------------------------------------------------------
    2 Cl               |   1 Na               |     2.39738  |     2.39738
 ------------------------------------------------------------------------------
                         number of included internuclear distances:          1
 ==============================================================================



  library name resolved from: .nwchemrc
  library file name is: </usr/local/Cellar/nwchem/7.0.0_2/share/nwchem/libraries/>
  


 Summary of "ao basis" -> "" (cartesian)
 ------------------------------------------------------------------------------
       Tag                 Description            Shells   Functions and Types
 ---------------- ------------------------------  ------  ---------------------
 *                           3-21g                    on all atoms 



                                 NWChem DFT Module
                                 -----------------


                                     test case


                      Basis "ao basis" -> "ao basis" (cartesian)
                      -----
  Na (Sodium)
  -----------
            Exponent  Coefficients 
       -------------- ---------------------------------------------------------
  1 S  5.47613000E+02  0.067491
  1 S  8.20678000E+01  0.393505
  1 S  1.76917000E+01  0.665605

  2 S  1.75407000E+01 -0.111937
  2 S  3.79398000E+00  0.254654
  2 S  9.06441000E-01  0.844417

  3 P  1.75407000E+01  0.128233
  3 P  3.79398000E+00  0.471533
  3 P  9.06441000E-01  0.604273

  4 S  5.01824000E-01 -0.219660
  4 S  6.09458000E-02  1.089120

  5 P  5.01824000E-01  0.009067
  5 P  6.09458000E-02  0.997202

  6 S  2.44349000E-02  1.000000

  7 P  2.44349000E-02  1.000000

  Cl (Chlorine)
  -------------
            Exponent  Coefficients 
       -------------- ---------------------------------------------------------
  1 S  1.37640000E+03  0.064583
  1 S  2.07857000E+02  0.380363
  1 S  4.51554000E+01  0.678190

  2 S  6.08014000E+01 -0.098764
  2 S  1.39765000E+01  0.051134
  2 S  3.88710000E+00  0.991337

  3 P  6.08014000E+01  0.108598
  3 P  1.39765000E+01  0.458682
  3 P  3.88710000E+00  0.601962

  4 S  1.35299000E+00 -0.222401
  4 S  5.26955000E-01  1.182520

  5 P  1.35299000E+00  0.219216
  5 P  5.26955000E-01  0.822321

  6 S  1.66714000E-01  1.000000

  7 P  1.66714000E-01  1.000000



 Summary of "ao basis" -> "ao basis" (cartesian)
 ------------------------------------------------------------------------------
       Tag                 Description            Shells   Functions and Types
 ---------------- ------------------------------  ------  ---------------------
 Na                          3-21g                   7       13   4s3p
 Cl                          3-21g                   7       13   4s3p




 Summary of "ao basis" -> "ao basis" (cartesian)
 ------------------------------------------------------------------------------
       Tag                 Description            Shells   Functions and Types
 ---------------- ------------------------------  ------  ---------------------
 Na                          3-21g                   7       13   4s3p
 Cl                          3-21g                   7       13   4s3p


      Symmetry analysis of basis
      --------------------------

        a1         14
        a2          0
        b1          0
        b2          0
        e          12

  Caching 1-el integrals 

            General Information
            -------------------
          SCF calculation type: DFT
          Wavefunction type:  closed shell.
          No. of atoms     :     2
          No. of electrons :    28
           Alpha electrons :    14
            Beta electrons :    14
          Charge           :     0
          Spin multiplicity:     1
          Use of symmetry is: on ; symmetry adaption is: on 
          Maximum number of iterations:  30
          AO basis - number of functions:    26
                     number of shells:    14
          Convergence on energy requested:  1.00D-06
          Convergence on density requested:  1.00D-05
          Convergence on gradient requested:  5.00D-04

              XC Information
              --------------
                         B3LYP Method XC Potential
                     Hartree-Fock (Exact) Exchange  0.200          
                        Slater Exchange Functional  0.800 local    
                    Becke 1988 Exchange Functional  0.720 non-local
              Lee-Yang-Parr Correlation Functional  0.810          
                  VWN I RPA Correlation Functional  0.190 local    

             Grid Information
             ----------------
          Grid used for XC integration:  medium    
          Radial quadrature: Mura-Knowles        
          Angular quadrature: Lebedev. 
          Tag              B.-S. Rad. Rad. Pts. Rad. Cut. Ang. Pts.
          ---              ---------- --------- --------- ---------
          Na                  1.80       88          11.0       434
          Cl                  1.00       88           8.0       590
          Grid pruning is: on 
          Number of quadrature shells:   176
          Spatial weights used:  Erf1

          Convergence Information
          -----------------------
          Convergence aids based upon iterative change in 
          total energy or number of iterations. 
          Levelshifting, if invoked, occurs when the 
          HOMO/LUMO gap drops below (HL_TOL):  1.00D-02
          DIIS, if invoked, will attempt to extrapolate 
          using up to (NFOCK): 10 stored Fock matrices.

                    Damping( 0%)  Levelshifting(0.5)       DIIS
                  --------------- ------------------- ---------------
          dE  on:    start            ASAP                start   
          dE off:    2 iters         30 iters            30 iters 


      Screening Tolerance Information
      -------------------------------
          Density screening/tol_rho:  1.00D-10
          AO Gaussian exp screening on grid/accAOfunc:  14
          CD Gaussian exp screening on grid/accCDfunc:  20
          XC Gaussian exp screening on grid/accXCfunc:  20
          Schwarz screening/accCoul:  1.00D-08


      Superposition of Atomic Density Guess
      -------------------------------------

 Sum of atomic energies:        -618.13829678

      Non-variational initial energy
      ------------------------------

 Total energy =    -619.127573
 1-e energy   =   -1011.484927
 2-e energy   =     314.355632
 HOMO         =      -0.209725
 LUMO         =      -0.021662


      Symmetry analysis of molecular orbitals - initial
      -------------------------------------------------

  Numbering of irreducible representations: 

     1 a1          2 a2          3 b1          4 b2          5 e       

  Orbital symmetries:

     1 a1          2 a1          3 a1          4 a1          5 e       
     6 e           7 a1          8 a1          9 e          10 e       
    11 a1         12 e          13 e          14 a1         15 a1      
    16 e          17 e          18 a1         19 a1         20 e       
    21 e          22 a1         23 a1         24 e       

   Time after variat. SCF:      0.1
   Time prior to 1st pass:      0.1

 #quartets = 5.453D+03 #integrals = 1.837D+04 #direct =  0.0% #cached =100.0%


 Integral file          = ./nacl_3-21g.aoints.0
 Record size in doubles =  65536        No. of integs per rec  =  43688
 Max. records in memory =      2        Max. records in file   = 183560
 No. of bits per label  =      8        No. of bits per value  =     64


 Grid_pts file          = ./nacl_3-21g.gridpts.0
 Record size in doubles =  12289        No. of grid_pts per rec  =   3070
 Max. records in memory =     39        Max. recs in file   =    978912


           Memory utilization after 1st SCF pass: 
           Heap Space remaining (MW):       12.50            12495084
          Stack Space remaining (MW):       13.11            13106932

   convergence    iter        energy       DeltaE   RMS-Dens  Diis-err    time
 ---------------- ----- ----------------- --------- --------- ---------  ------
 d= 0,ls=0.0,diis     1   -618.4644441101 -6.96D+02  4.29D-02  2.01D-01     0.2
 d= 0,ls=0.0,diis     2   -618.4548627920  9.58D-03  3.00D-02  1.72D-01     0.2
 d= 0,ls=0.0,diis     3   -618.4817270599 -2.69D-02  9.16D-03  3.42D-02     0.3
 d= 0,ls=0.0,diis     4   -618.4880912227 -6.36D-03  1.02D-03  5.98D-05     0.3
 d= 0,ls=0.0,diis     5   -618.4881143861 -2.32D-05  1.57D-04  9.64D-06     0.3
  Resetting Diis
 d= 0,ls=0.0,diis     6   -618.4881163068 -1.92D-06  1.24D-05  1.72D-08     0.3
 d= 0,ls=0.0,diis     7   -618.4881163115 -4.69D-09  3.17D-06  4.61D-10     0.4


         Total DFT energy =     -618.488116311479
      One electron energy =    -1011.820330398960
           Coulomb energy =      358.283606720362
    Exchange-Corr. energy =      -42.953114075809
 Nuclear repulsion energy =       78.001721442928

 Numeric. integr. density =       28.000005468485

     Total iterative time =      0.3s



                  Occupations of the irreducible representations
                  ----------------------------------------------

                     irrep           alpha         beta
                     --------     --------     --------
                     a1                8.0          8.0
                     a2                0.0          0.0
                     b1                0.0          0.0
                     b2                0.0          0.0
                     e                 6.0          6.0


                       DFT Final Molecular Orbital Analysis
                       ------------------------------------

 Vector    1  Occ=2.000000D+00  E=-1.008281D+02  Symmetry=a1
              MO Center=  5.3D-31,  4.8D-31,  5.0D-01, r^2= 3.2D-03
   Bfn.  Coefficient  Atom+Function         Bfn.  Coefficient  Atom+Function  
  ----- ------------  ---------------      ----- ------------  ---------------
    14      0.985726  2 Cl s                 15      0.053870  2 Cl s          

 Vector    2  Occ=2.000000D+00  E=-3.834194D+01  Symmetry=a1
              MO Center=  9.8D-21, -2.5D-21, -7.7D-01, r^2= 8.4D-03
   Bfn.  Coefficient  Atom+Function         Bfn.  Coefficient  Atom+Function  
  ----- ------------  ---------------      ----- ------------  ---------------
     1      0.989157  1 Na s                  2      0.051425  1 Na s          
    23     -0.034645  2 Cl s          

 Vector    3  Occ=2.000000D+00  E=-9.426284D+00  Symmetry=a1
              MO Center= -9.4D-17, -1.4D-17,  4.9D-01, r^2= 6.7D-02
   Bfn.  Coefficient  Atom+Function         Bfn.  Coefficient  Atom+Function  
  ----- ------------  ---------------      ----- ------------  ---------------
    15      0.973315  2 Cl s                 14     -0.304532  2 Cl s          
    19      0.175122  2 Cl s                 23     -0.111732  2 Cl s          
     6      0.044668  1 Na s                 18     -0.027452  2 Cl pz         
     9      0.026907  1 Na pz         

 Vector    4  Occ=2.000000D+00  E=-7.200997D+00  Symmetry=a1
              MO Center=  1.5D-16,  1.3D-17,  5.1D-01, r^2= 5.9D-02
   Bfn.  Coefficient  Atom+Function         Bfn.  Coefficient  Atom+Function  
  ----- ------------  ---------------      ----- ------------  ---------------
    18      0.968426  2 Cl pz                22      0.095639  2 Cl pz         
    15      0.033041  2 Cl s                 26     -0.032033  2 Cl pz         

 Vector    5  Occ=2.000000D+00  E=-7.177849D+00  Symmetry=e
              MO Center= -4.1D-17, -3.5D-18,  5.0D-01, r^2= 5.9D-02
   Bfn.  Coefficient  Atom+Function         Bfn.  Coefficient  Atom+Function  
  ----- ------------  ---------------      ----- ------------  ---------------
    16      0.966999  2 Cl px                20      0.089963  2 Cl px         
    17      0.084163  2 Cl py                24     -0.032200  2 Cl px         

 Vector    6  Occ=2.000000D+00  E=-7.177849D+00  Symmetry=e
              MO Center= -6.2D-19,  7.1D-18,  5.0D-01, r^2= 5.9D-02
   Bfn.  Coefficient  Atom+Function         Bfn.  Coefficient  Atom+Function  
  ----- ------------  ---------------      ----- ------------  ---------------
    17      0.966999  2 Cl py                21      0.089963  2 Cl py         
    16     -0.084163  2 Cl px                25     -0.032200  2 Cl py         

 Vector    7  Occ=2.000000D+00  E=-2.457197D+00  Symmetry=a1
              MO Center=  3.1D-17, -1.5D-17, -6.8D-01, r^2= 2.2D-01
   Bfn.  Coefficient  Atom+Function         Bfn.  Coefficient  Atom+Function  
  ----- ------------  ---------------      ----- ------------  ---------------
     2      0.976929  1 Na s                  1     -0.260834  1 Na s          
     5      0.137080  1 Na pz                19      0.070544  2 Cl s          
    22     -0.064325  2 Cl pz                15     -0.061980  2 Cl s          
    18      0.052019  2 Cl pz                 6      0.034218  1 Na s          

 Vector    8  Occ=2.000000D+00  E=-1.446036D+00  Symmetry=a1
              MO Center=  2.6D-16,  6.2D-18, -7.6D-01, r^2= 3.2D-01
   Bfn.  Coefficient  Atom+Function         Bfn.  Coefficient  Atom+Function  
  ----- ------------  ---------------      ----- ------------  ---------------
     5      0.881080  1 Na pz                 2     -0.251541  1 Na s          
    19      0.202937  2 Cl s                 15     -0.146697  2 Cl s          
    22     -0.141048  2 Cl pz                18      0.085481  2 Cl pz         
     1      0.059250  1 Na s                  6     -0.045649  1 Na s          
     9      0.032893  1 Na pz                23      0.032824  2 Cl s          

 Vector    9  Occ=2.000000D+00  E=-1.307783D+00  Symmetry=e
              MO Center=  3.6D-18, -3.2D-17, -7.6D-01, r^2= 2.5D-01
   Bfn.  Coefficient  Atom+Function         Bfn.  Coefficient  Atom+Function  
  ----- ------------  ---------------      ----- ------------  ---------------
     4      0.975775  1 Na py                 3     -0.109256  1 Na px         
    21      0.062762  2 Cl py                 8      0.058816  1 Na py         
    17     -0.033262  2 Cl py                12     -0.031914  1 Na py         

 Vector   10  Occ=2.000000D+00  E=-1.307783D+00  Symmetry=e
              MO Center= -3.8D-16, -4.3D-17, -7.6D-01, r^2= 2.5D-01
   Bfn.  Coefficient  Atom+Function         Bfn.  Coefficient  Atom+Function  
  ----- ------------  ---------------      ----- ------------  ---------------
     3      0.975775  1 Na px                 4      0.109256  1 Na py         
    20      0.062762  2 Cl px                 7      0.058816  1 Na px         
    16     -0.033262  2 Cl px                11     -0.031914  1 Na px         

 Vector   11  Occ=2.000000D+00  E=-7.172689D-01  Symmetry=a1
              MO Center=  3.0D-17,  1.4D-17,  5.2D-01, r^2= 9.0D-01
   Bfn.  Coefficient  Atom+Function         Bfn.  Coefficient  Atom+Function  
  ----- ------------  ---------------      ----- ------------  ---------------
    19      0.614546  2 Cl s                 23      0.515035  2 Cl s          
    15     -0.476022  2 Cl s                  5     -0.342955  1 Na pz         
     2     -0.237393  1 Na s                 14      0.081200  2 Cl s          
    22      0.044851  2 Cl pz                 1      0.042389  1 Na s          
    18     -0.034918  2 Cl pz                 6      0.034227  1 Na s          

 Vector   12  Occ=2.000000D+00  E=-3.472981D-01  Symmetry=e
              MO Center= -3.7D-17,  4.7D-18,  4.8D-01, r^2= 1.2D+00
   Bfn.  Coefficient  Atom+Function         Bfn.  Coefficient  Atom+Function  
  ----- ------------  ---------------      ----- ------------  ---------------
    20      0.638667  2 Cl px                24      0.474177  2 Cl px         
    16     -0.291531  2 Cl px                 3     -0.212001  1 Na px         
    21     -0.080098  2 Cl py                25     -0.059468  2 Cl py         
     7      0.037289  1 Na px                17      0.036562  2 Cl py         
     4      0.026588  1 Na py         

 Vector   13  Occ=2.000000D+00  E=-3.472981D-01  Symmetry=e
              MO Center=  3.5D-18,  2.8D-17,  4.8D-01, r^2= 1.2D+00
   Bfn.  Coefficient  Atom+Function         Bfn.  Coefficient  Atom+Function  
  ----- ------------  ---------------      ----- ------------  ---------------
    21      0.638667  2 Cl py                25      0.474177  2 Cl py         
    17     -0.291531  2 Cl py                 4     -0.212001  1 Na py         
    20      0.080098  2 Cl px                24      0.059468  2 Cl px         
     8      0.037289  1 Na py                16     -0.036562  2 Cl px         
     3     -0.026588  1 Na px         

 Vector   14  Occ=2.000000D+00  E=-1.848684D-01  Symmetry=a1
              MO Center=  2.8D-17,  5.1D-17,  8.6D-02, r^2= 2.5D+00
   Bfn.  Coefficient  Atom+Function         Bfn.  Coefficient  Atom+Function  
  ----- ------------  ---------------      ----- ------------  ---------------
    22     -0.545432  2 Cl pz                 6      0.538957  1 Na s          
    26     -0.485940  2 Cl pz                 2     -0.432164  1 Na s          
     5     -0.248728  1 Na pz                18      0.243038  2 Cl pz         
    23     -0.126471  2 Cl s                 10     -0.105307  1 Na s          
    13     -0.104980  1 Na pz                 1      0.074379  1 Na s          

 Vector   15  Occ=0.000000D+00  E=-4.290402D-02  Symmetry=a1
              MO Center= -1.1D-16,  1.8D-16, -1.4D+00, r^2= 7.9D+00
   Bfn.  Coefficient  Atom+Function         Bfn.  Coefficient  Atom+Function  
  ----- ------------  ---------------      ----- ------------  ---------------
    10      0.928441  1 Na s                  9     -0.305625  1 Na pz         
    22      0.295459  2 Cl pz                26      0.261144  2 Cl pz         
     5      0.258174  1 Na pz                19     -0.195828  2 Cl s          
    18     -0.123065  2 Cl pz                15      0.097236  2 Cl s          
     2      0.085536  1 Na s                 23     -0.068503  2 Cl s          

 Vector   16  Occ=0.000000D+00  E= 9.462283D-03  Symmetry=e
              MO Center= -6.9D-21, -3.6D-20, -8.6D-01, r^2= 1.3D+01
   Bfn.  Coefficient  Atom+Function         Bfn.  Coefficient  Atom+Function  
  ----- ------------  ---------------      ----- ------------  ---------------
    12      0.837852  1 Na py                 8      0.234798  1 Na py         
    25     -0.195894  2 Cl py                11      0.160858  1 Na px         
    21     -0.154165  2 Cl py                17      0.065850  2 Cl py         
     7      0.045079  1 Na px                24     -0.037609  2 Cl px         
    20     -0.029598  2 Cl px                 4     -0.028421  1 Na py         

 Vector   17  Occ=0.000000D+00  E= 9.462283D-03  Symmetry=e
              MO Center=  7.7D-20, -1.5D-20, -8.6D-01, r^2= 1.3D+01
   Bfn.  Coefficient  Atom+Function         Bfn.  Coefficient  Atom+Function  
  ----- ------------  ---------------      ----- ------------  ---------------
    11      0.837852  1 Na px                 7      0.234798  1 Na px         
    24     -0.195894  2 Cl px                12     -0.160858  1 Na py         
    20     -0.154165  2 Cl px                16      0.065850  2 Cl px         
     8     -0.045079  1 Na py                25      0.037609  2 Cl py         
    21      0.029598  2 Cl py                 3     -0.028421  1 Na px         

 Vector   18  Occ=0.000000D+00  E= 2.313029D-02  Symmetry=a1
              MO Center= -3.9D-16,  2.3D-16,  1.7D-02, r^2= 1.5D+01
   Bfn.  Coefficient  Atom+Function         Bfn.  Coefficient  Atom+Function  
  ----- ------------  ---------------      ----- ------------  ---------------
    13      1.101661  1 Na pz                10      0.295052  1 Na s          
    23     -0.275804  2 Cl s                 26     -0.162781  2 Cl pz         
    19     -0.160280  2 Cl s                  6      0.118539  1 Na s          
    15      0.092615  2 Cl s                  9     -0.089847  1 Na pz         
     2     -0.057997  1 Na s                 22     -0.041976  2 Cl pz         

 Vector   19  Occ=0.000000D+00  E= 8.214960D-02  Symmetry=a1
              MO Center=  2.5D-16, -2.0D-16, -2.1D+00, r^2= 1.1D+01
   Bfn.  Coefficient  Atom+Function         Bfn.  Coefficient  Atom+Function  
  ----- ------------  ---------------      ----- ------------  ---------------
     9      1.460840  1 Na pz                10      1.332546  1 Na s          
     6     -1.063323  1 Na s                 13     -0.914661  1 Na pz         
    23     -0.530024  2 Cl s                 26     -0.231488  2 Cl pz         
     5     -0.194591  1 Na pz                22     -0.155756  2 Cl pz         
    19      0.099227  2 Cl s                  2     -0.077433  1 Na s          

 Vector   20  Occ=0.000000D+00  E= 9.852091D-02  Symmetry=e
              MO Center= -3.0D-21,  7.4D-21, -9.1D-01, r^2= 1.4D+01
   Bfn.  Coefficient  Atom+Function         Bfn.  Coefficient  Atom+Function  
  ----- ------------  ---------------      ----- ------------  ---------------
     8      1.671950  1 Na py                12     -1.288726  1 Na py         
     7     -0.674373  1 Na px                11      0.519802  1 Na px         
    25     -0.350691  2 Cl py                24      0.141450  2 Cl px         
     4     -0.117555  1 Na py                21     -0.109454  2 Cl py         
    17      0.051371  2 Cl py                 3      0.047415  1 Na px         

 Vector   21  Occ=0.000000D+00  E= 9.852091D-02  Symmetry=e
              MO Center=  1.5D-20,  5.9D-21, -9.1D-01, r^2= 1.4D+01
   Bfn.  Coefficient  Atom+Function         Bfn.  Coefficient  Atom+Function  
  ----- ------------  ---------------      ----- ------------  ---------------
     7      1.671950  1 Na px                11     -1.288726  1 Na px         
     8      0.674373  1 Na py                12     -0.519802  1 Na py         
    24     -0.350691  2 Cl px                25     -0.141450  2 Cl py         
     3     -0.117555  1 Na px                20     -0.109454  2 Cl px         
    16      0.051371  2 Cl px                 4     -0.047415  1 Na py         

 Vector   22  Occ=0.000000D+00  E= 1.654145D-01  Symmetry=a1
              MO Center=  2.9D-16, -1.9D-16,  3.4D-01, r^2= 9.6D+00
   Bfn.  Coefficient  Atom+Function         Bfn.  Coefficient  Atom+Function  
  ----- ------------  ---------------      ----- ------------  ---------------
     6      2.181179  1 Na s                  9      1.610409  1 Na pz         
    10     -1.378206  1 Na s                 23     -0.986996  2 Cl s          
    13     -0.907560  1 Na pz                19     -0.351725  2 Cl s          
    22      0.352021  2 Cl pz                 2      0.336119  1 Na s          
     5      0.192580  1 Na pz                15      0.182460  2 Cl s          

 Vector   23  Occ=0.000000D+00  E= 6.466255D-01  Symmetry=e
              MO Center=  6.9D-20, -7.3D-21,  4.4D-01, r^2= 2.7D+00
   Bfn.  Coefficient  Atom+Function         Bfn.  Coefficient  Atom+Function  
  ----- ------------  ---------------      ----- ------------  ---------------
    24      1.512809  2 Cl px                20     -1.239213  2 Cl px         
     7     -0.659008  1 Na px                16      0.342911  2 Cl px         
    25     -0.158591  2 Cl py                11      0.146277  1 Na px         
    21      0.129909  2 Cl py                 8      0.069085  1 Na py         
    17     -0.035948  2 Cl py                 3     -0.029315  1 Na px         

 Vector   24  Occ=0.000000D+00  E= 6.466255D-01  Symmetry=e
              MO Center= -4.3D-22, -4.1D-21,  4.4D-01, r^2= 2.7D+00
   Bfn.  Coefficient  Atom+Function         Bfn.  Coefficient  Atom+Function  
  ----- ------------  ---------------      ----- ------------  ---------------
    25      1.512809  2 Cl py                21     -1.239213  2 Cl py         
     8     -0.659008  1 Na py                17      0.342911  2 Cl py         
    24      0.158591  2 Cl px                12      0.146277  1 Na py         
    20     -0.129909  2 Cl px                 7     -0.069085  1 Na px         
    16      0.035948  2 Cl px                 4     -0.029315  1 Na py         

 Vector   25  Occ=0.000000D+00  E= 6.510958D-01  Symmetry=a1
              MO Center=  6.9D-18, -1.2D-17,  9.7D-01, r^2= 2.8D+00
   Bfn.  Coefficient  Atom+Function         Bfn.  Coefficient  Atom+Function  
  ----- ------------  ---------------      ----- ------------  ---------------
    26      1.403895  2 Cl pz                22     -1.233856  2 Cl pz         
     6      0.840346  1 Na s                 10     -0.630628  1 Na s          
    19     -0.436421  2 Cl s                 18      0.339859  2 Cl pz         
     2      0.267373  1 Na s                 23      0.232923  2 Cl s          
    13     -0.218412  1 Na pz                 5     -0.181472  1 Na pz         

 Vector   26  Occ=0.000000D+00  E= 8.191021D-01  Symmetry=a1
              MO Center=  4.4D-18, -3.3D-17, -1.4D-02, r^2= 4.0D+00
   Bfn.  Coefficient  Atom+Function         Bfn.  Coefficient  Atom+Function  
  ----- ------------  ---------------      ----- ------------  ---------------
    23      3.908333  2 Cl s                  6     -2.380439  1 Na s          
    19     -2.318050  2 Cl s                  9     -1.354090  1 Na pz         
    10      0.812250  1 Na s                 26     -0.754026  2 Cl pz         
     2     -0.709243  1 Na s                 13      0.390596  1 Na pz         
    15      0.374665  2 Cl s                 22      0.310245  2 Cl pz         


 center of mass
 --------------
 x =   0.00000000 y =   0.00000000 z =  -0.00911367

 moments of inertia (a.u.)
 ------------------
          79.721070261053           0.000000000000           0.000000000000
           0.000000000000          79.721070261053           0.000000000000
           0.000000000000           0.000000000000           0.000000000000

     Multipole analysis of the density
     ---------------------------------

     L   x y z        total         alpha         beta         nuclear
     -   - - -        -----         -----         ----         -------
     0   0 0 0     -0.000000    -14.000000    -14.000000     28.000000

     1   1 0 0      0.000000      0.000000      0.000000      0.000000
     1   0 1 0      0.000000      0.000000      0.000000      0.000000
     1   0 0 1     -1.277488     -0.638744     -0.638744      0.000000

     2   2 0 0    -15.126973     -7.563486     -7.563486      0.000000
     2   1 1 0      0.000000      0.000000      0.000000      0.000000
     2   1 0 1      0.000000      0.000000      0.000000      0.000000
     2   0 2 0    -15.126973     -7.563486     -7.563486      0.000000
     2   0 1 1      0.000000      0.000000      0.000000      0.000000
     2   0 0 2    -15.611222    -26.997973    -26.997973     38.384723


 Parallel integral file used       1 records with       0 large values


 Task  times  cpu:        0.3s     wall:        0.3s
 Summary of allocated global arrays
-----------------------------------
  No active global arrays



                         GA Statistics for process    0
                         ------------------------------

       create   destroy   get      put      acc     scatter   gather  read&inc
calls:  227      227     4720     1812     1304        0        0      405     
number of processes/call 0.00e+00 0.00e+00 0.00e+00 0.00e+00 0.00e+00
bytes total:             3.60e+06 1.20e+06 2.25e+06 0.00e+00 0.00e+00 3.24e+03
bytes remote:            0.00e+00 0.00e+00 0.00e+00 0.00e+00 0.00e+00 0.00e+00
Max memory consumed for GA by this process: 210912 bytes
MA_summarize_allocated_blocks: starting scan ...
MA_summarize_allocated_blocks: scan completed: 0 heap blocks, 0 stack blocks
MA usage statistics:

	allocation statistics:
					      heap	     stack
					      ----	     -----
	current number of blocks	         0	         0
	maximum number of blocks	        22	        57
	current total bytes		         0	         0
	maximum total bytes		   4896760	  22510760
	maximum total K-bytes		      4897	     22511
	maximum total M-bytes		         5	        23


                                NWChem Input Module
                                -------------------





                                     CITATION
                                     --------
                Please cite the following reference when publishing
                           results obtained with NWChem:

                 M. Valiev, E.J. Bylaska, N. Govind, K. Kowalski,
              T.P. Straatsma, H.J.J. van Dam, D. Wang, J. Nieplocha,
                        E. Apra, T.L. Windus, W.A. de Jong
                 "NWChem: a comprehensive and scalable open-source
                  solution for large scale molecular simulations"
                      Comput. Phys. Commun. 181, 1477 (2010)
                           doi:10.1016/j.cpc.2010.04.018

                                      AUTHORS
                                      -------
     E. Apra, E. J. Bylaska, N. Govind, K. Kowalski, M. Valiev, W. A. de Jong,
      T. P. Straatsma, H. J. J. van Dam, D. Wang, T. L. Windus, N. P. Bauman,
       A. Panyala, J. Hammond, J. Autschbach, K. Bhaskaran-Nair, J. Brabec,
    K. Lopata, S. A. Fischer, S. Krishnamoorthy, M. Jacquelin, W. Ma, M. Klemm,
       O. Villa, Y. Chen, V. Anisimov, F. Aquino, S. Hirata, M. T. Hackler,
           Eric Hermes, L. Jensen, J. E. Moore, J. C. Becca, V. Konjkov,
            D. Mejia-Rodriguez, T. Risthaus, M. Malagoli, A. Marenich,
   A. Otero-de-la-Roza, J. Mullin, P. Nichols, R. Peverati, J. Pittner, Y. Zhao,
        P.-D. Fan, A. Fonari, M. J. Williamson, R. J. Harrison, J. R. Rehr,
      M. Dupuis, D. Silverstein, D. M. A. Smith, J. Nieplocha, V. Tipparaju,
      M. Krishnan, B. E. Van Kuiken, A. Vazquez-Mayagoitia, M. Swart, Q. Wu,
   T. Van Voorhis, A. A. Auer, M. Nooijen, L. D. Crosby, E. Brown, G. Cisneros,
     G. I. Fann, H. Fruchtl, J. Garza, K. Hirao, R. A. Kendall, J. A. Nichols,
       K. Tsemekhman, K. Wolinski, J. Anchell, D. E. Bernholdt, P. Borowski,
       T. Clark, D. Clerc, H. Dachsel, M. J. O. Deegan, K. Dyall, D. Elwood,
      E. Glendening, M. Gutowski, A. C. Hess, J. Jaffe, B. G. Johnson, J. Ju,
        R. Kobayashi, R. Kutteh, Z. Lin, R. Littlefield, X. Long, B. Meng,
      T. Nakajima, S. Niu, L. Pollack, M. Rosing, K. Glaesemann, G. Sandrone,
      M. Stave, H. Taylor, G. Thomas, J. H. van Lenthe, A. T. Wong, Z. Zhang.

 Total times  cpu:        0.4s     wall:        0.4s
