 argument  1 = nh4_6-31g.inp
                                         
                                         


             Northwest Computational Chemistry Package (NWChem) 7.0.0
             --------------------------------------------------------


                    Environmental Molecular Sciences Laboratory
                       Pacific Northwest National Laboratory
                                Richland, WA 99352

                              Copyright (c) 1994-2019
                       Pacific Northwest National Laboratory
                            Battelle Memorial Institute

             NWChem is an open-source computational chemistry package
                        distributed under the terms of the
                      Educational Community License (ECL) 2.0
             A copy of the license is included with this distribution
                              in the LICENSE.TXT file

                                  ACKNOWLEDGMENT
                                  --------------

            This software and its documentation were developed at the
            EMSL at Pacific Northwest National Laboratory, a multiprogram
            national laboratory, operated for the U.S. Department of Energy
            by Battelle under Contract Number DE-AC05-76RL01830. Support
            for this work was provided by the Department of Energy Office
            of Biological and Environmental Research, Office of Basic
            Energy Sciences, and the Office of Advanced Scientific Computing.


           Job information
           ---------------

    hostname        = Amanda-Dewyers-MacBook-Air.local
    program         = nwchem
    date            = Fri Sep 11 17:26:33 2020

    compiled        = Fri_Jul_03_06:05:09_2020
    source          = /private/tmp/nwchem-20200703-71421-tc8c0i/nwchem-7.0.0
    nwchem branch   = 7.0.0
    nwchem revision = 2c9a1c7c
    ga revision     = 5.7.1
    use scalapack   = T
    input           = nh4_6-31g.inp
    prefix          = nh4_6-31g.
    data base       = ./nh4_6-31g.db
    status          = startup
    nproc           =        1
    time left       =     -1s



           Memory information
           ------------------

    heap     =   13107196 doubles =    100.0 Mbytes
    stack    =   13107201 doubles =    100.0 Mbytes
    global   =   26214400 doubles =    200.0 Mbytes (distinct from heap & stack)
    total    =   52428797 doubles =    400.0 Mbytes
    verify   = yes
    hardfail = no 


           Directory information
           ---------------------

  0 permanent = .
  0 scratch   = .




                                NWChem Input Module
                                -------------------


                                     test case
                                     ---------
 C1  symmetry detected

          ------
          auto-z
          ------
  no constraints, skipping    0.0000000000000000     
  no constraints, skipping    0.0000000000000000     


                             Geometry "geometry" -> ""
                             -------------------------

 Output coordinates in a.u. (scale by  1.000000000 to convert to a.u.)

  No.       Tag          Charge          X              Y              Z
 ---- ---------------- ---------- -------------- -------------- --------------
    1 N                    7.0000     0.00001682    -0.00000000     0.00000806
    2 H                    1.0000    -0.99011928    -0.20294100     0.17987908
    3 H                    1.0000     0.56649954    -0.82246279     0.23776620
    4 H                    1.0000     0.29585203     0.79730895     0.57506355
    5 H                    1.0000     0.12764994     0.22809484    -0.99276521

      Atomic Mass 
      ----------- 

      N                 14.003070
      H                  1.007825


 Effective nuclear repulsion energy (a.u.)      30.8536052699

            Nuclear Dipole moment (a.u.) 
            ----------------------------
        X                 Y               Z
 ---------------- ---------------- ----------------
     0.0000000000    -0.0000000000     0.0000000000



                                Z-matrix (autoz)
                                -------- 

 Units are Angstrom for bonds and degrees for angles

      Type          Name      I     J     K     L     M      Value
      ----------- --------  ----- ----- ----- ----- ----- ----------
    1 Stretch                  1     2                       0.54325
    2 Stretch                  1     3                       0.54325
    3 Stretch                  1     4                       0.54325
    4 Stretch                  1     5                       0.54326
    5 Stretch                  2     3                       0.88710
    6 Stretch                  2     4                       0.88712
    7 Stretch                  2     5                       0.88711
    8 Stretch                  3     4                       0.88717
    9 Stretch                  3     5                       0.88714
   10 Stretch                  4     5                       0.88712
   11 Bend                     1     2     3                35.26638
   12 Bend                     1     2     4                35.26482
   13 Bend                     1     2     5                35.26646
   14 Bend                     1     3     2                35.26699
   15 Bend                     1     3     4                35.26038
   16 Bend                     1     3     5                35.26365
   17 Bend                     1     4     2                35.26481
   18 Bend                     1     4     3                35.25976
   19 Bend                     1     4     5                35.26518
   20 Bend                     1     5     2                35.26630
   21 Bend                     1     5     3                35.26289
   22 Bend                     1     5     4                35.26504
   23 Bend                     2     1     3               109.46663
   24 Bend                     2     1     4               109.47036
   25 Bend                     2     1     5               109.46724
   26 Bend                     2     3     4                59.99933
   27 Bend                     2     3     5                59.99942
   28 Bend                     2     4     3                59.99628
   29 Bend                     2     4     5                59.99890
   30 Bend                     2     5     3                59.99811
   31 Bend                     2     5     4                60.00063
   32 Bend                     3     1     4               109.47985
   33 Bend                     3     1     5               109.47345
   34 Bend                     3     2     4                60.00440
   35 Bend                     3     2     5                60.00248
   36 Bend                     3     4     5                59.99925
   37 Bend                     3     5     4                60.00299
   38 Bend                     4     1     5               109.46979
   39 Bend                     4     2     5                60.00047
   40 Bend                     4     3     5                59.99776
   41 Torsion                  1     2     3     4          35.26008
   42 Torsion                  1     2     3     5         -35.26647
   43 Torsion                  1     2     4     3         -35.26164
   44 Torsion                  1     2     4     5          35.26819
   45 Torsion                  1     2     5     3          35.26640
   46 Torsion                  1     2     5     4         -35.26656
   47 Torsion                  1     3     2     4         -35.26008
   48 Torsion                  1     3     2     5          35.26647
   49 Torsion                  1     3     4     2          35.26668
   50 Torsion                  1     3     4     5         -35.26257
   51 Torsion                  1     3     5     2         -35.26981
   52 Torsion                  1     3     5     4          35.25930
   53 Torsion                  1     4     2     3          35.26164
   54 Torsion                  1     4     2     5         -35.26819
   55 Torsion                  1     4     3     2         -35.26668
   56 Torsion                  1     4     3     5          35.26257
   57 Torsion                  1     4     5     2          35.26782
   58 Torsion                  1     4     5     3         -35.25716
   59 Torsion                  1     5     2     3         -35.26640
   60 Torsion                  1     5     2     4          35.26656
   61 Torsion                  1     5     3     2          35.26981
   62 Torsion                  1     5     3     4         -35.25930
   63 Torsion                  1     5     4     2         -35.26782
   64 Torsion                  1     5     4     3          35.25716
   65 Torsion                  2     1     3     4        -120.00142
   66 Torsion                  2     1     3     5         119.99368
   67 Torsion                  2     1     4     3         119.99913
   68 Torsion                  2     1     4     5        -119.99373
   69 Torsion                  2     1     5     3        -119.99330
   70 Torsion                  2     1     5     4         119.99564
   71 Torsion                  2     3     1     4         120.00142
   72 Torsion                  2     3     1     5        -119.99368
   73 Torsion                  2     3     4     5         -70.52925
   74 Torsion                  2     3     5     4          70.52911
   75 Torsion                  2     4     1     3        -119.99913
   76 Torsion                  2     4     1     5         119.99373
   77 Torsion                  2     4     3     5          70.52925
   78 Torsion                  2     4     5     3         -70.52498
   79 Torsion                  2     5     1     3         119.99330
   80 Torsion                  2     5     1     4        -119.99564
   81 Torsion                  2     5     3     4         -70.52911
   82 Torsion                  2     5     4     3          70.52498
   83 Torsion                  3     1     2     4         120.00723
   84 Torsion                  3     1     2     5        -119.99748
   85 Torsion                  3     1     4     5         120.00714
   86 Torsion                  3     1     5     4        -120.01106
   87 Torsion                  3     2     1     4        -120.00723
   88 Torsion                  3     2     1     5         119.99748
   89 Torsion                  3     2     4     5          70.52983
   90 Torsion                  3     2     5     4         -70.53296
   91 Torsion                  3     4     1     5        -120.00714
   92 Torsion                  3     4     2     5         -70.52983
   93 Torsion                  3     5     1     4         120.01106
   94 Torsion                  3     5     2     4          70.53296
   95 Torsion                  4     1     2     5         119.99528
   96 Torsion                  4     1     3     5        -120.00490
   97 Torsion                  4     2     1     5        -119.99528
   98 Torsion                  4     2     3     5         -70.52655
   99 Torsion                  4     3     1     5         120.00490
  100 Torsion                  4     3     2     5          70.52655


            XYZ format geometry
            -------------------
     5
 geometry
 N                     0.00000890    -0.00000000     0.00000426
 H                    -0.52394860    -0.10739176     0.09518792
 H                     0.29977867    -0.43522860     0.12582046
 H                     0.15655816     0.42191776     0.30431055
 H                     0.06754944     0.12070260    -0.52534876

 ==============================================================================
                                internuclear distances
 ------------------------------------------------------------------------------
       center one      |      center two      | atomic units |       a.u.
 ------------------------------------------------------------------------------
    2 H                |   1 N                |     1.02660  |     1.02660
    3 H                |   1 N                |     1.02658  |     1.02658
    4 H                |   1 N                |     1.02660  |     1.02660
    5 H                |   1 N                |     1.02660  |     1.02660
 ------------------------------------------------------------------------------
                         number of included internuclear distances:          4
 ==============================================================================



 ==============================================================================
                                 internuclear angles
 ------------------------------------------------------------------------------
        center 1       |       center 2       |       center 3       |  degrees
 ------------------------------------------------------------------------------
    2 H                |   1 N                |   3 H                |   109.47
    2 H                |   1 N                |   4 H                |   109.47
    2 H                |   1 N                |   5 H                |   109.47
    3 H                |   1 N                |   4 H                |   109.48
    3 H                |   1 N                |   5 H                |   109.47
    4 H                |   1 N                |   5 H                |   109.47
 ------------------------------------------------------------------------------
                            number of included internuclear angles:          6
 ==============================================================================



  library name resolved from: .nwchemrc
  library file name is: </usr/local/Cellar/nwchem/7.0.0_2/share/nwchem/libraries/>
  


 Summary of "ao basis" -> "" (cartesian)
 ------------------------------------------------------------------------------
       Tag                 Description            Shells   Functions and Types
 ---------------- ------------------------------  ------  ---------------------
 *                           6-31g                    on all atoms 



                                 NWChem DFT Module
                                 -----------------


                                     test case


                      Basis "ao basis" -> "ao basis" (cartesian)
                      -----
  N (Nitrogen)
  ------------
            Exponent  Coefficients 
       -------------- ---------------------------------------------------------
  1 S  4.17351100E+03  0.001835
  1 S  6.27457900E+02  0.013995
  1 S  1.42902100E+02  0.068587
  1 S  4.02343300E+01  0.232241
  1 S  1.28202100E+01  0.469070
  1 S  4.39043700E+00  0.360455

  2 S  1.16263580E+01 -0.114961
  2 S  2.71628000E+00 -0.169118
  2 S  7.72218000E-01  1.145852

  3 P  1.16263580E+01  0.067580
  3 P  2.71628000E+00  0.323907
  3 P  7.72218000E-01  0.740895

  4 S  2.12031300E-01  1.000000

  5 P  2.12031300E-01  1.000000

  H (Hydrogen)
  ------------
            Exponent  Coefficients 
       -------------- ---------------------------------------------------------
  1 S  1.87311370E+01  0.033495
  1 S  2.82539370E+00  0.234727
  1 S  6.40121700E-01  0.813757

  2 S  1.61277800E-01  1.000000



 Summary of "ao basis" -> "ao basis" (cartesian)
 ------------------------------------------------------------------------------
       Tag                 Description            Shells   Functions and Types
 ---------------- ------------------------------  ------  ---------------------
 N                           6-31g                   5        9   3s2p
 H                           6-31g                   2        2   2s




 Summary of "ao basis" -> "ao basis" (cartesian)
 ------------------------------------------------------------------------------
       Tag                 Description            Shells   Functions and Types
 ---------------- ------------------------------  ------  ---------------------
 N                           6-31g                   5        9   3s2p
 H                           6-31g                   2        2   2s


  Caching 1-el integrals 

            General Information
            -------------------
          SCF calculation type: DFT
          Wavefunction type:  closed shell.
          No. of atoms     :     5
          No. of electrons :    10
           Alpha electrons :     5
            Beta electrons :     5
          Charge           :     1
          Spin multiplicity:     1
          Use of symmetry is: off; symmetry adaption is: off
          Maximum number of iterations:  30
          AO basis - number of functions:    17
                     number of shells:    13
          Convergence on energy requested:  1.00D-06
          Convergence on density requested:  1.00D-05
          Convergence on gradient requested:  5.00D-04

              XC Information
              --------------
                         B3LYP Method XC Potential
                     Hartree-Fock (Exact) Exchange  0.200          
                        Slater Exchange Functional  0.800 local    
                    Becke 1988 Exchange Functional  0.720 non-local
              Lee-Yang-Parr Correlation Functional  0.810          
                  VWN I RPA Correlation Functional  0.190 local    

             Grid Information
             ----------------
          Grid used for XC integration:  medium    
          Radial quadrature: Mura-Knowles        
          Angular quadrature: Lebedev. 
          Tag              B.-S. Rad. Rad. Pts. Rad. Cut. Ang. Pts.
          ---              ---------- --------- --------- ---------
          N                   0.65       49           5.0       434
          H                   0.35       45           5.0       434
          Grid pruning is: on 
          Number of quadrature shells:   229
          Spatial weights used:  Erf1

          Convergence Information
          -----------------------
          Convergence aids based upon iterative change in 
          total energy or number of iterations. 
          Levelshifting, if invoked, occurs when the 
          HOMO/LUMO gap drops below (HL_TOL):  1.00D-02
          DIIS, if invoked, will attempt to extrapolate 
          using up to (NFOCK): 10 stored Fock matrices.

                    Damping( 0%)  Levelshifting(0.5)       DIIS
                  --------------- ------------------- ---------------
          dE  on:    start            ASAP                start   
          dE off:    2 iters         30 iters            30 iters 


      Screening Tolerance Information
      -------------------------------
          Density screening/tol_rho:  1.00D-10
          AO Gaussian exp screening on grid/accAOfunc:  14
          CD Gaussian exp screening on grid/accCDfunc:  20
          XC Gaussian exp screening on grid/accXCfunc:  20
          Schwarz screening/accCoul:  1.00D-08


      Superposition of Atomic Density Guess
      -------------------------------------

 Sum of atomic energies:         -56.28666840

 Renormalizing density from      11.00 to     10

      Non-variational initial energy
      ------------------------------

 Total energy =     -52.435409
 1-e energy   =    -113.990737
 2-e energy   =      30.701723
 HOMO         =      -1.963548
 LUMO         =      -0.245319

   Time after variat. SCF:      0.1
   Time prior to 1st pass:      0.1

 #quartets = 4.186D+03 #integrals = 1.171D+04 #direct =  0.0% #cached =100.0%


 Integral file          = ./nh4_6-31g.aoints.0
 Record size in doubles =  65536        No. of integs per rec  =  43688
 Max. records in memory =      2        Max. records in file   = 141747
 No. of bits per label  =      8        No. of bits per value  =     64


 Grid_pts file          = ./nh4_6-31g.gridpts.0
 Record size in doubles =  12289        No. of grid_pts per rec  =   3070
 Max. records in memory =     37        Max. recs in file   =    755926


           Memory utilization after 1st SCF pass: 
           Heap Space remaining (MW):       12.52            12519932
          Stack Space remaining (MW):       13.11            13106940

   convergence    iter        energy       DeltaE   RMS-Dens  Diis-err    time
 ---------------- ----- ----------------- --------- --------- ---------  ------
 d= 0,ls=0.0,diis     1    -54.1958910592 -8.50D+01  7.59D-02  2.33D+00     0.4
 d= 0,ls=0.0,diis     2    -54.3183619069 -1.22D-01  2.45D-02  5.53D-01     0.5
 d= 0,ls=0.0,diis     3    -54.3660425473 -4.77D-02  1.82D-03  3.24D-03     0.6
 d= 0,ls=0.0,diis     4    -54.3663404743 -2.98D-04  4.11D-05  3.37D-07     0.8
 d= 0,ls=0.0,diis     5    -54.3663405008 -2.64D-08  1.54D-06  4.84D-10     0.9


         Total DFT energy =      -54.366340500751
      One electron energy =     -125.249702104262
           Coulomb energy =       49.364508833830
    Exchange-Corr. energy =       -9.334752500195
 Nuclear repulsion energy =       30.853605269876

 Numeric. integr. density =        9.999995882170

     Total iterative time =      0.8s



                       DFT Final Molecular Orbital Analysis
                       ------------------------------------

 Vector    1  Occ=2.000000D+00  E=-1.480572D+01
              MO Center=  8.8D-06, -1.7D-08,  4.2D-06, r^2= 2.0D-02
   Bfn.  Coefficient  Atom+Function         Bfn.  Coefficient  Atom+Function  
  ----- ------------  ---------------      ----- ------------  ---------------
     1      0.994188  1 N  s                  2      0.044291  1 N  s          
     6     -0.040480  1 N  s          

 Vector    2  Occ=2.000000D+00  E=-1.646497D+00
              MO Center= -4.4D-05, -5.7D-06, -1.9D-05, r^2= 4.5D-01
   Bfn.  Coefficient  Atom+Function         Bfn.  Coefficient  Atom+Function  
  ----- ------------  ---------------      ----- ------------  ---------------
     2      0.420456  1 N  s                  1     -0.269885  1 N  s          
    10      0.211320  2 H  s                 12      0.211303  3 H  s          
    14      0.211300  4 H  s                 16      0.211312  5 H  s          
     6     -0.148365  1 N  s                 11      0.055141  2 H  s          
    13      0.055106  3 H  s                 15      0.055102  4 H  s          

 Vector    3  Occ=2.000000D+00  E=-1.149601D+00
              MO Center=  6.2D-02, -1.2D-02,  4.9D-02, r^2= 4.7D-01
   Bfn.  Coefficient  Atom+Function         Bfn.  Coefficient  Atom+Function  
  ----- ------------  ---------------      ----- ------------  ---------------
     4      0.670128  1 N  py                12     -0.268839  3 H  s          
    14      0.244028  4 H  s                 13     -0.109242  3 H  s          
    15      0.099157  4 H  s                 16      0.091828  5 H  s          
    10     -0.067016  2 H  s                  8      0.051911  1 N  py         
     5     -0.039897  1 N  pz                17      0.037316  5 H  s          

 Vector    4  Occ=2.000000D+00  E=-1.149551D+00
              MO Center=  3.3D-02,  5.7D-02, -7.2D-02, r^2= 4.6D-01
   Bfn.  Coefficient  Atom+Function         Bfn.  Coefficient  Atom+Function  
  ----- ------------  ---------------      ----- ------------  ---------------
     5      0.663132  1 N  pz                16     -0.304495  5 H  s          
    14      0.211210  4 H  s                 17     -0.123708  5 H  s          
     3      0.096586  1 N  px                12      0.085860  3 H  s          
    15      0.085804  4 H  s                  9      0.051406  1 N  pz         
     4      0.039918  1 N  py                13      0.034882  3 H  s          

 Vector    5  Occ=2.000000D+00  E=-1.149535D+00
              MO Center= -9.4D-02, -4.4D-02,  2.3D-02, r^2= 4.6D-01
   Bfn.  Coefficient  Atom+Function         Bfn.  Coefficient  Atom+Function  
  ----- ------------  ---------------      ----- ------------  ---------------
     3      0.664321  1 N  px                10     -0.322519  2 H  s          
    12      0.170061  3 H  s                 11     -0.131030  2 H  s          
     5     -0.096587  1 N  pz                16      0.086117  5 H  s          
    13      0.069086  3 H  s                 14      0.066385  4 H  s          
     7      0.051504  1 N  px                17      0.034986  5 H  s          

 Vector    6  Occ=0.000000D+00  E=-1.604545D-01
              MO Center= -1.3D-04, -6.9D-06, -6.1D-05, r^2= 3.0D+00
   Bfn.  Coefficient  Atom+Function         Bfn.  Coefficient  Atom+Function  
  ----- ------------  ---------------      ----- ------------  ---------------
     6      2.693749  1 N  s                 11     -0.926677  2 H  s          
    13     -0.926454  3 H  s                 15     -0.926460  4 H  s          
    17     -0.926591  5 H  s                  2      0.201166  1 N  s          
     1     -0.095339  1 N  s                 10      0.036015  2 H  s          
    12      0.036022  3 H  s                 14      0.036019  4 H  s          

 Vector    7  Occ=0.000000D+00  E=-4.232586D-02
              MO Center=  3.3D-01, -4.1D-02,  2.8D-01, r^2= 3.0D+00
   Bfn.  Coefficient  Atom+Function         Bfn.  Coefficient  Atom+Function  
  ----- ------------  ---------------      ----- ------------  ---------------
    13      2.880103  3 H  s                 15     -2.742928  4 H  s          
    17     -1.250783  5 H  s                 11      1.113605  2 H  s          
     8      1.060320  1 N  py                 4      0.327672  1 N  py         
     9     -0.114983  1 N  pz                 7      0.092533  1 N  px         
     5     -0.035535  1 N  pz                 3      0.028597  1 N  px         

 Vector    8  Occ=0.000000D+00  E=-4.231739D-02
              MO Center=  1.2D-01,  3.8D-01, -5.2D-01, r^2= 2.8D+00
   Bfn.  Coefficient  Atom+Function         Bfn.  Coefficient  Atom+Function  
  ----- ------------  ---------------      ----- ------------  ---------------
    17      3.520761  5 H  s                 15     -2.267738  4 H  s          
     9      1.054387  1 N  pz                11     -1.014674  2 H  s          
     5      0.325847  1 N  pz                13     -0.238446  3 H  s          
     7     -0.135619  1 N  px                 8      0.126183  1 N  py         
     3     -0.041911  1 N  px                 4      0.038994  1 N  py         

 Vector    9  Occ=0.000000D+00  E=-4.231459D-02
              MO Center= -4.5D-01, -3.4D-01,  2.4D-01, r^2= 2.8D+00
   Bfn.  Coefficient  Atom+Function         Bfn.  Coefficient  Atom+Function  
  ----- ------------  ---------------      ----- ------------  ---------------
    11      3.420377  2 H  s                 13     -2.369954  3 H  s          
    15     -1.141001  4 H  s                  7      1.057866  1 N  px         
     3      0.326924  1 N  px                 9      0.145230  1 N  pz         
    17      0.090281  5 H  s                  8     -0.076573  1 N  py         
     5      0.044883  1 N  pz                10     -0.031734  2 H  s          

 Vector   10  Occ=0.000000D+00  E= 3.101720D-01
              MO Center=  1.4D-01,  8.0D-02, -6.7D-02, r^2= 2.0D+00
   Bfn.  Coefficient  Atom+Function         Bfn.  Coefficient  Atom+Function  
  ----- ------------  ---------------      ----- ------------  ---------------
    11      3.864763  2 H  s                  7      3.060491  1 N  px         
    13     -2.430686  3 H  s                 15     -1.427797  4 H  s          
    10      0.644954  2 H  s                 12     -0.405644  3 H  s          
     9      0.379425  1 N  pz                 3     -0.299497  1 N  px         
    14     -0.238291  4 H  s                  8     -0.040785  1 N  py         

 Vector   11  Occ=0.000000D+00  E= 3.101819D-01
              MO Center= -3.2D-02, -9.9D-02,  1.5D-01, r^2= 2.0D+00
   Bfn.  Coefficient  Atom+Function         Bfn.  Coefficient  Atom+Function  
  ----- ------------  ---------------      ----- ------------  ---------------
    17      3.961092  5 H  s                  9      3.053027  1 N  pz         
    15     -2.387144  4 H  s                 11     -1.145114  2 H  s          
    16      0.661022  5 H  s                 13     -0.428833  3 H  s          
    14     -0.398366  4 H  s                  7     -0.375448  1 N  px         
     5     -0.298764  1 N  pz                 8      0.225550  1 N  py         

 Vector   12  Occ=0.000000D+00  E= 3.102164D-01
              MO Center= -1.1D-01,  1.8D-02, -8.6D-02, r^2= 2.0D+00
   Bfn.  Coefficient  Atom+Function         Bfn.  Coefficient  Atom+Function  
  ----- ------------  ---------------      ----- ------------  ---------------
    13      3.327708  3 H  s                  8      3.076124  1 N  py         
    15     -3.070467  4 H  s                 17     -1.213618  5 H  s          
    11      0.956421  2 H  s                 12      0.555242  3 H  s          
    14     -0.512331  4 H  s                  4     -0.301004  1 N  py         
     9     -0.218850  1 N  pz                16     -0.202504  5 H  s          

 Vector   13  Occ=0.000000D+00  E= 8.598783D-01
              MO Center= -8.3D-05, -6.7D-06, -3.7D-05, r^2= 2.3D+00
   Bfn.  Coefficient  Atom+Function         Bfn.  Coefficient  Atom+Function  
  ----- ------------  ---------------      ----- ------------  ---------------
     6      7.663324  1 N  s                  2     -1.472418  1 N  s          
    11     -1.476423  2 H  s                 13     -1.476043  3 H  s          
    15     -1.476014  4 H  s                 17     -1.476250  5 H  s          
    10     -0.385957  2 H  s                 12     -0.386098  3 H  s          
    14     -0.386087  4 H  s                 16     -0.386008  5 H  s          

 Vector   14  Occ=0.000000D+00  E= 1.397471D+00
              MO Center= -2.7D-01, -1.0D-01,  8.1D-02, r^2= 8.2D-01
   Bfn.  Coefficient  Atom+Function         Bfn.  Coefficient  Atom+Function  
  ----- ------------  ---------------      ----- ------------  ---------------
    11      1.982060  2 H  s                 10     -1.677968  2 H  s          
     3     -1.432656  1 N  px                13     -0.955189  3 H  s          
    12      0.808564  3 H  s                  7      0.768910  1 N  px         
    15     -0.607816  4 H  s                 14      0.514543  4 H  s          
    17     -0.419455  5 H  s                 16      0.355066  5 H  s          

 Vector   15  Occ=0.000000D+00  E= 1.397493D+00
              MO Center=  8.4D-02,  1.6D-01, -2.2D-01, r^2= 8.3D-01
   Bfn.  Coefficient  Atom+Function         Bfn.  Coefficient  Atom+Function  
  ----- ------------  ---------------      ----- ------------  ---------------
    17      1.898829  5 H  s                 16     -1.607620  5 H  s          
     5     -1.435113  1 N  pz                15     -1.234773  4 H  s          
    14      1.045376  4 H  s                  9      0.770145  1 N  pz         
    13     -0.463911  3 H  s                 12      0.392734  3 H  s          
    11     -0.200370  2 H  s                 10      0.169615  2 H  s          

 Vector   16  Occ=0.000000D+00  E= 1.397612D+00
              MO Center=  1.9D-01, -5.4D-02,  1.4D-01, r^2= 8.5D-01
   Bfn.  Coefficient  Atom+Function         Bfn.  Coefficient  Atom+Function  
  ----- ------------  ---------------      ----- ------------  ---------------
    13      1.706146  3 H  s                 15     -1.464359  4 H  s          
    12     -1.444818  3 H  s                  4     -1.434846  1 N  py         
    14      1.240143  4 H  s                  8      0.769713  1 N  py         
    17     -0.507399  5 H  s                 16      0.429724  5 H  s          
    11      0.265670  2 H  s                 10     -0.224989  2 H  s          

 Vector   17  Occ=0.000000D+00  E= 3.102174D+00
              MO Center= -5.8D-05, -1.1D-05, -2.5D-05, r^2= 6.8D-01
   Bfn.  Coefficient  Atom+Function         Bfn.  Coefficient  Atom+Function  
  ----- ------------  ---------------      ----- ------------  ---------------
     6      3.627051  1 N  s                  2      3.080886  1 N  s          
    10     -1.768110  2 H  s                 12     -1.767855  3 H  s          
    14     -1.767782  4 H  s                 16     -1.767965  5 H  s          
    11     -0.443830  2 H  s                 13     -0.443484  3 H  s          
    15     -0.443487  4 H  s                 17     -0.443692  5 H  s          


 center of mass
 --------------
 x =   0.00000648 y =  -0.00000000 z =   0.00000310

 moments of inertia (a.u.)
 ------------------
           2.832521394825          -0.000012864290          -0.000000000000
          -0.000012864290           2.832241174170           0.000000000000
          -0.000000000000           0.000000000000           2.832431450044

     Multipole analysis of the density
     ---------------------------------

     L   x y z        total         alpha         beta         nuclear
     -   - - -        -----         -----         ----         -------
     0   0 0 0      1.000000     -5.000000     -5.000000     11.000000

     1   1 0 0     -0.000066     -0.000033     -0.000033      0.000000
     1   0 1 0     -0.000001     -0.000000     -0.000000     -0.000000
     1   0 0 1     -0.000031     -0.000016     -0.000016      0.000000

     2   2 0 0     -3.112027     -2.258554     -2.258554      1.405081
     2   1 1 0      0.000007     -0.000003     -0.000003      0.000013
     2   1 0 1      0.000001      0.000000      0.000000     -0.000000
     2   0 2 0     -3.111861     -2.258610     -2.258610      1.405359
     2   0 1 1     -0.000002     -0.000001     -0.000001     -0.000000
     2   0 0 2     -3.111977     -2.258574     -2.258574      1.405170


 Parallel integral file used       1 records with       0 large values


 Task  times  cpu:        0.8s     wall:        0.8s
 Summary of allocated global arrays
-----------------------------------
  No active global arrays



                         GA Statistics for process    0
                         ------------------------------

       create   destroy   get      put      acc     scatter   gather  read&inc
calls:  100      100     1.09e+04  580     8045        0        0      461     
number of processes/call 0.00e+00 0.00e+00 0.00e+00 0.00e+00 0.00e+00
bytes total:             1.57e+06 2.26e+05 9.88e+05 0.00e+00 0.00e+00 3.69e+03
bytes remote:            0.00e+00 0.00e+00 0.00e+00 0.00e+00 0.00e+00 0.00e+00
Max memory consumed for GA by this process: 90168 bytes
MA_summarize_allocated_blocks: starting scan ...
MA_summarize_allocated_blocks: scan completed: 0 heap blocks, 0 stack blocks
MA usage statistics:

	allocation statistics:
					      heap	     stack
					      ----	     -----
	current number of blocks	         0	         0
	maximum number of blocks	        21	        53
	current total bytes		         0	         0
	maximum total bytes		   4697848	  22510824
	maximum total K-bytes		      4698	     22511
	maximum total M-bytes		         5	        23


                                NWChem Input Module
                                -------------------





                                     CITATION
                                     --------
                Please cite the following reference when publishing
                           results obtained with NWChem:

                 M. Valiev, E.J. Bylaska, N. Govind, K. Kowalski,
              T.P. Straatsma, H.J.J. van Dam, D. Wang, J. Nieplocha,
                        E. Apra, T.L. Windus, W.A. de Jong
                 "NWChem: a comprehensive and scalable open-source
                  solution for large scale molecular simulations"
                      Comput. Phys. Commun. 181, 1477 (2010)
                           doi:10.1016/j.cpc.2010.04.018

                                      AUTHORS
                                      -------
     E. Apra, E. J. Bylaska, N. Govind, K. Kowalski, M. Valiev, W. A. de Jong,
      T. P. Straatsma, H. J. J. van Dam, D. Wang, T. L. Windus, N. P. Bauman,
       A. Panyala, J. Hammond, J. Autschbach, K. Bhaskaran-Nair, J. Brabec,
    K. Lopata, S. A. Fischer, S. Krishnamoorthy, M. Jacquelin, W. Ma, M. Klemm,
       O. Villa, Y. Chen, V. Anisimov, F. Aquino, S. Hirata, M. T. Hackler,
           Eric Hermes, L. Jensen, J. E. Moore, J. C. Becca, V. Konjkov,
            D. Mejia-Rodriguez, T. Risthaus, M. Malagoli, A. Marenich,
   A. Otero-de-la-Roza, J. Mullin, P. Nichols, R. Peverati, J. Pittner, Y. Zhao,
        P.-D. Fan, A. Fonari, M. J. Williamson, R. J. Harrison, J. R. Rehr,
      M. Dupuis, D. Silverstein, D. M. A. Smith, J. Nieplocha, V. Tipparaju,
      M. Krishnan, B. E. Van Kuiken, A. Vazquez-Mayagoitia, M. Swart, Q. Wu,
   T. Van Voorhis, A. A. Auer, M. Nooijen, L. D. Crosby, E. Brown, G. Cisneros,
     G. I. Fann, H. Fruchtl, J. Garza, K. Hirao, R. A. Kendall, J. A. Nichols,
       K. Tsemekhman, K. Wolinski, J. Anchell, D. E. Bernholdt, P. Borowski,
       T. Clark, D. Clerc, H. Dachsel, M. J. O. Deegan, K. Dyall, D. Elwood,
      E. Glendening, M. Gutowski, A. C. Hess, J. Jaffe, B. G. Johnson, J. Ju,
        R. Kobayashi, R. Kutteh, Z. Lin, R. Littlefield, X. Long, B. Meng,
      T. Nakajima, S. Niu, L. Pollack, M. Rosing, K. Glaesemann, G. Sandrone,
      M. Stave, H. Taylor, G. Thomas, J. H. van Lenthe, A. T. Wong, Z. Zhang.

 Total times  cpu:        0.9s     wall:        0.9s
